------------------------------------------------------------
TimeQuest Timing Analyzer Summary
------------------------------------------------------------

Type  : Slow 1100mV 85C Model Setup 'dec3:b2v_dec3|Y[5]'
Slack : -4.887
TNS   : -70.726

Type  : Slow 1100mV 85C Model Setup 'dec3:b2v_dec3|Y[4]'
Slack : -4.320
TNS   : -63.077

Type  : Slow 1100mV 85C Model Setup 'TP'
Slack : -3.957
TNS   : -222.703

Type  : Slow 1100mV 85C Model Setup 'c_in[5]'
Slack : -2.949
TNS   : -10.831

Type  : Slow 1100mV 85C Model Hold 'TP'
Slack : -0.097
TNS   : -0.097

Type  : Slow 1100mV 85C Model Hold 'c_in[5]'
Slack : 0.706
TNS   : 0.000

Type  : Slow 1100mV 85C Model Hold 'dec3:b2v_dec3|Y[4]'
Slack : 2.278
TNS   : 0.000

Type  : Slow 1100mV 85C Model Hold 'dec3:b2v_dec3|Y[5]'
Slack : 2.786
TNS   : 0.000

Type  : Slow 1100mV 85C Model Minimum Pulse Width 'TP'
Slack : -0.592
TNS   : -54.435

Type  : Slow 1100mV 85C Model Minimum Pulse Width 'dec3:b2v_dec3|Y[4]'
Slack : -0.394
TNS   : -9.048

Type  : Slow 1100mV 85C Model Minimum Pulse Width 'dec3:b2v_dec3|Y[5]'
Slack : -0.394
TNS   : -8.702

Type  : Slow 1100mV 85C Model Minimum Pulse Width 'c_in[5]'
Slack : 0.157
TNS   : 0.000

Type  : Slow 1100mV 0C Model Setup 'dec3:b2v_dec3|Y[5]'
Slack : -4.729
TNS   : -68.443

Type  : Slow 1100mV 0C Model Setup 'dec3:b2v_dec3|Y[4]'
Slack : -4.229
TNS   : -61.167

Type  : Slow 1100mV 0C Model Setup 'TP'
Slack : -3.901
TNS   : -219.171

Type  : Slow 1100mV 0C Model Setup 'c_in[5]'
Slack : -3.097
TNS   : -10.968

Type  : Slow 1100mV 0C Model Hold 'TP'
Slack : -0.009
TNS   : -0.009

Type  : Slow 1100mV 0C Model Hold 'c_in[5]'
Slack : 0.671
TNS   : 0.000

Type  : Slow 1100mV 0C Model Hold 'dec3:b2v_dec3|Y[4]'
Slack : 2.185
TNS   : 0.000

Type  : Slow 1100mV 0C Model Hold 'dec3:b2v_dec3|Y[5]'
Slack : 2.725
TNS   : 0.000

Type  : Slow 1100mV 0C Model Minimum Pulse Width 'TP'
Slack : -0.591
TNS   : -53.964

Type  : Slow 1100mV 0C Model Minimum Pulse Width 'dec3:b2v_dec3|Y[4]'
Slack : -0.394
TNS   : -8.992

Type  : Slow 1100mV 0C Model Minimum Pulse Width 'dec3:b2v_dec3|Y[5]'
Slack : -0.394
TNS   : -8.658

Type  : Slow 1100mV 0C Model Minimum Pulse Width 'c_in[5]'
Slack : 0.145
TNS   : 0.000

Type  : Fast 1100mV 85C Model Setup 'TP'
Slack : -2.642
TNS   : -144.619

Type  : Fast 1100mV 85C Model Setup 'dec3:b2v_dec3|Y[5]'
Slack : -2.569
TNS   : -35.748

Type  : Fast 1100mV 85C Model Setup 'dec3:b2v_dec3|Y[4]'
Slack : -2.145
TNS   : -30.987

Type  : Fast 1100mV 85C Model Setup 'c_in[5]'
Slack : -1.813
TNS   : -6.692

Type  : Fast 1100mV 85C Model Hold 'TP'
Slack : -0.220
TNS   : -0.596

Type  : Fast 1100mV 85C Model Hold 'c_in[5]'
Slack : 0.324
TNS   : 0.000

Type  : Fast 1100mV 85C Model Hold 'dec3:b2v_dec3|Y[4]'
Slack : 1.042
TNS   : 0.000

Type  : Fast 1100mV 85C Model Hold 'dec3:b2v_dec3|Y[5]'
Slack : 1.339
TNS   : 0.000

Type  : Fast 1100mV 85C Model Minimum Pulse Width 'TP'
Slack : -0.523
TNS   : -34.156

Type  : Fast 1100mV 85C Model Minimum Pulse Width 'c_in[5]'
Slack : -0.043
TNS   : -0.188

Type  : Fast 1100mV 85C Model Minimum Pulse Width 'dec3:b2v_dec3|Y[5]'
Slack : -0.009
TNS   : -0.017

Type  : Fast 1100mV 85C Model Minimum Pulse Width 'dec3:b2v_dec3|Y[4]'
Slack : -0.007
TNS   : -0.007

Type  : Fast 1100mV 0C Model Setup 'dec3:b2v_dec3|Y[5]'
Slack : -2.367
TNS   : -33.279

Type  : Fast 1100mV 0C Model Setup 'TP'
Slack : -2.081
TNS   : -114.814

Type  : Fast 1100mV 0C Model Setup 'dec3:b2v_dec3|Y[4]'
Slack : -2.018
TNS   : -29.010

Type  : Fast 1100mV 0C Model Setup 'c_in[5]'
Slack : -1.664
TNS   : -6.281

Type  : Fast 1100mV 0C Model Hold 'TP'
Slack : -0.290
TNS   : -1.145

Type  : Fast 1100mV 0C Model Hold 'c_in[5]'
Slack : 0.264
TNS   : 0.000

Type  : Fast 1100mV 0C Model Hold 'dec3:b2v_dec3|Y[4]'
Slack : 1.011
TNS   : 0.000

Type  : Fast 1100mV 0C Model Hold 'dec3:b2v_dec3|Y[5]'
Slack : 1.298
TNS   : 0.000

Type  : Fast 1100mV 0C Model Minimum Pulse Width 'TP'
Slack : -0.501
TNS   : -33.006

Type  : Fast 1100mV 0C Model Minimum Pulse Width 'c_in[5]'
Slack : -0.040
TNS   : -0.178

Type  : Fast 1100mV 0C Model Minimum Pulse Width 'dec3:b2v_dec3|Y[5]'
Slack : 0.021
TNS   : 0.000

Type  : Fast 1100mV 0C Model Minimum Pulse Width 'dec3:b2v_dec3|Y[4]'
Slack : 0.024
TNS   : 0.000

------------------------------------------------------------
